// Jest Snapshot v1, https://goo.gl/fbAQLP

exports[`renders the characters view 1`] = `
<div>
  <ul>
    <li>
      <a
        href="/character/5cf5679a915ecad153ab68c8"
      >
        <img
          src="https://vignette.wikia.nocookie.net/avatar/images/5/51/46th_Earth_King.png/revision/latest?cb=20130627160441"
          width="200"
        />
        <div>
          name: 
        </div>
      </a>
    </li>
  </ul>
</div>
`;
